// Jest Snapshot v1, https://goo.gl/fbAQLP

exports[`to return a header correctly 1`] = `
<header>
  <h1>
    Expensify
  </h1>
  <NavLink
    activeClassName="is-active"
    exact={true}
    to="/"
  >
    ExpenseDashBoardPage
  </NavLink>
  <NavLink
    activeClassName="is-active"
    to="/create"
  >
    AddExpensePage
  </NavLink>
  <NavLink
    activeClassName="is-active"
    to="help"
  >
    HelpPage
  </NavLink>
</header>
`;
